// Jest Snapshot v1, https://goo.gl/fbAQLP

exports[`UserProfile section render 1`] = `
<div
  className="header__nav-link header__nav-link--profile"
>
  <div
    className="header__avatar-wrapper user__avatar-wrapper"
  />
  <span
    className="header__user-name user__name"
  >
    <a
      href="/favorites"
      onClick={[Function]}
    />
  </span>
</div>
`;
